// Jest Snapshot v1, https://goo.gl/fbAQLP

exports[`Vehicles parser on  test1  1`] = `
VehicleUnit {
  "$id": "ID-23",
  "$typename": "VehicleUnit",
  "_PI_vehicles": Array [
    Bike {
      "$id": "ID-8",
      "$typename": "Bike",
      "_PI_manufacturer": Manufacturer {
        "$id": "ID-7",
        "$typename": "Manufacturer",
        "CEO_name": "",
        "container": [Circular],
        "country": "",
        "name": "Gazelle",
        "propertyIndex": undefined,
        "propertyName": "manufacturer",
      },
      "container": [Circular],
      "nrOfWheels": 5,
      "propertyIndex": 0,
      "propertyName": "vehicles",
      "typeName": "Bike",
      "tyreSize": 25,
    },
    Steamboat {
      "$id": "ID-10",
      "$typename": "Steamboat",
      "_PI_manufacturer": Manufacturer {
        "$id": "ID-9",
        "$typename": "Manufacturer",
        "CEO_name": "Peter Petersen",
        "container": [Circular],
        "country": "NL",
        "name": "Altena Yachting",
        "propertyIndex": undefined,
        "propertyName": "manufacturer",
      },
      "_PI_typeOfEngine": PiElementReference {
        "_PI_pathname": Array [
          "Steam",
        ],
        "_PI_referred": EngineType {
          "$id": "ID-1",
          "$typename": "EngineType",
          "container": null,
          "name": "Steam",
          "propertyIndex": undefined,
          "propertyName": "",
        },
        "container": [Circular],
        "propertyIndex": undefined,
        "propertyName": "typeOfEngine",
        "typeName": "EngineType",
      },
      "container": [Circular],
      "isHeritage": true,
      "maxSpeed": 30,
      "nrOfPassengers": 100,
      "nrOfWheels": 0,
      "preferedWaterWay": "Donau",
      "propertyIndex": 1,
      "propertyName": "vehicles",
      "typeName": "SteamBoat",
    },
    PetrolCar {
      "$id": "ID-12",
      "$typename": "PetrolCar",
      "_PI_manufacturer": Manufacturer {
        "$id": "ID-11",
        "$typename": "Manufacturer",
        "CEO_name": "",
        "container": [Circular],
        "country": "",
        "name": "Porsche",
        "propertyIndex": undefined,
        "propertyName": "manufacturer",
      },
      "_PI_typeOfEngine": PiElementReference {
        "_PI_pathname": Array [
          "Gasoline",
        ],
        "_PI_referred": EngineType {
          "$id": "ID-2",
          "$typename": "EngineType",
          "container": null,
          "name": "Gasoline",
          "propertyIndex": undefined,
          "propertyName": "",
        },
        "container": [Circular],
        "propertyIndex": undefined,
        "propertyName": "typeOfEngine",
        "typeName": "EngineType",
      },
      "bootContent": 20,
      "container": [Circular],
      "maxSpeed": 240,
      "nrOfWheels": 4,
      "propertyIndex": 2,
      "propertyName": "vehicles",
      "typeName": "PetrolCar",
    },
    SolarCar {
      "$id": "ID-14",
      "$typename": "SolarCar",
      "_PI_manufacturer": Manufacturer {
        "$id": "ID-13",
        "$typename": "Manufacturer",
        "CEO_name": "",
        "container": [Circular],
        "country": "",
        "name": "LightYear",
        "propertyIndex": undefined,
        "propertyName": "manufacturer",
      },
      "_PI_typeOfEngine": PiElementReference {
        "_PI_pathname": Array [
          "Electricity",
        ],
        "_PI_referred": EngineType {
          "$id": "ID-3",
          "$typename": "EngineType",
          "container": null,
          "name": "Electricity",
          "propertyIndex": undefined,
          "propertyName": "",
        },
        "container": [Circular],
        "propertyIndex": undefined,
        "propertyName": "typeOfEngine",
        "typeName": "EngineType",
      },
      "chargeCapacity": 10,
      "container": [Circular],
      "maxSpeed": 10,
      "nrOfWheels": 4,
      "propertyIndex": 3,
      "propertyName": "vehicles",
      "solarPanelBrand": "someName",
      "typeName": "SolarCar",
    },
    Scooter {
      "$id": "ID-16",
      "$typename": "Scooter",
      "_PI_manufacturer": Manufacturer {
        "$id": "ID-15",
        "$typename": "Manufacturer",
        "CEO_name": "",
        "container": [Circular],
        "country": "",
        "name": "Cushman",
        "propertyIndex": undefined,
        "propertyName": "manufacturer",
      },
      "_PI_typeOfEngine": PiElementReference {
        "_PI_pathname": Array [
          "Electricity",
        ],
        "_PI_referred": EngineType {
          "$id": "ID-3",
          "$typename": "EngineType",
          "container": null,
          "name": "Electricity",
          "propertyIndex": undefined,
          "propertyName": "",
        },
        "container": [Circular],
        "propertyIndex": undefined,
        "propertyName": "typeOfEngine",
        "typeName": "EngineType",
      },
      "chargeCapacity": 10,
      "color": "someName",
      "container": [Circular],
      "maxSpeed": 10,
      "nrOfWheels": 2,
      "propertyIndex": 4,
      "propertyName": "vehicles",
      "typeName": "Scooter",
    },
    Segway {
      "$id": "ID-18",
      "$typename": "Segway",
      "_PI_manufacturer": Manufacturer {
        "$id": "ID-17",
        "$typename": "Manufacturer",
        "CEO_name": "",
        "container": [Circular],
        "country": "",
        "name": "Segway",
        "propertyIndex": undefined,
        "propertyName": "manufacturer",
      },
      "_PI_typeOfEngine": PiElementReference {
        "_PI_pathname": Array [
          "Electricity",
        ],
        "_PI_referred": EngineType {
          "$id": "ID-3",
          "$typename": "EngineType",
          "container": null,
          "name": "Electricity",
          "propertyIndex": undefined,
          "propertyName": "",
        },
        "container": [Circular],
        "propertyIndex": undefined,
        "propertyName": "typeOfEngine",
        "typeName": "EngineType",
      },
      "chargeCapacity": 10,
      "container": [Circular],
      "isAllowedOnRoad": true,
      "maxSpeed": 10,
      "nrOfWheels": 2,
      "propertyIndex": 5,
      "propertyName": "vehicles",
      "typeName": "Segway",
    },
    Scateboard {
      "$id": "ID-20",
      "$typename": "Scateboard",
      "_PI_manufacturer": Manufacturer {
        "$id": "ID-19",
        "$typename": "Manufacturer",
        "CEO_name": "",
        "container": [Circular],
        "country": "",
        "name": "Olympics",
        "propertyIndex": undefined,
        "propertyName": "manufacturer",
      },
      "container": [Circular],
      "nrOfWheels": 8,
      "propertyIndex": 6,
      "propertyName": "vehicles",
      "size": 10,
      "typeName": "Scateboard",
    },
    KickBike {
      "$id": "ID-22",
      "$typename": "KickBike",
      "_PI_manufacturer": Manufacturer {
        "$id": "ID-21",
        "$typename": "Manufacturer",
        "CEO_name": "",
        "container": [Circular],
        "country": "",
        "name": "Kicks",
        "propertyIndex": undefined,
        "propertyName": "manufacturer",
      },
      "container": [Circular],
      "foldable": false,
      "nrOfWheels": 2,
      "propertyIndex": 7,
      "propertyName": "vehicles",
      "typeName": "KickBike",
    },
  ],
  "container": null,
  "name": "unitTest1",
  "propertyIndex": undefined,
  "propertyName": "",
}
`;
