// Jest Snapshot v1, https://goo.gl/fbAQLP

exports[`Parser concepts of type  Expression  1`] = `
ExpressionTest {
  "$id": "ID-10",
  "$typename": "ExpressionTest",
  "_PI_binEx": Array [
    PlusEx {
      "$id": "ID-4",
      "$typename": "PlusEx",
      "_PI_left": StringLiteralEx {
        "$id": "ID-2",
        "$typename": "StringLiteralEx",
        "owner": [Circular],
        "propertyIndex": undefined,
        "propertyName": "left",
        "value": "literal1",
      },
      "_PI_right": StringLiteralEx {
        "$id": "ID-3",
        "$typename": "StringLiteralEx",
        "owner": [Circular],
        "propertyIndex": undefined,
        "propertyName": "right",
        "value": "literal2",
      },
      "owner": [Circular],
      "propertyIndex": 0,
      "propertyName": "binEx",
    },
    MultiplyEx {
      "$id": "ID-9",
      "$typename": "MultiplyEx",
      "_PI_left": DivideEx {
        "$id": "ID-7",
        "$typename": "DivideEx",
        "_PI_left": NumberLiteralEx {
          "$id": "ID-5",
          "$typename": "NumberLiteralEx",
          "owner": [Circular],
          "propertyIndex": undefined,
          "propertyName": "left",
          "value": 109,
        },
        "_PI_right": StringLiteralEx {
          "$id": "ID-6",
          "$typename": "StringLiteralEx",
          "owner": [Circular],
          "propertyIndex": undefined,
          "propertyName": "right",
          "value": "literal3",
        },
        "owner": [Circular],
        "propertyIndex": undefined,
        "propertyName": "left",
      },
      "_PI_right": BooleanLiteralEx {
        "$id": "ID-8",
        "$typename": "BooleanLiteralEx",
        "owner": [Circular],
        "propertyIndex": undefined,
        "propertyName": "right",
        "value": true,
      },
      "owner": [Circular],
      "propertyIndex": 1,
      "propertyName": "binEx",
    },
  ],
  "_PI_normalEx": Array [],
  "name": "simpleExpressions",
  "owner": null,
  "propertyIndex": undefined,
  "propertyName": "",
}
`;
